// Jest Snapshot v1, https://goo.gl/fbAQLP

exports[`App component renders App 1`] = `
<Fragment>
  <h2>
    Signup?
  </h2>
  <Connect(UserForm) />
  <h2>
    Or Login
  </h2>
  <Connect(UserForm) />
</Fragment>
`;
